[
    "Custom name",
    "Embedded arguments \"${here}\"",
    "_HybridCore__get_component_listeners",
    "_HybridCore__get_keyword_name",
    "_HybridCore__get_manually_registered_listeners",
    "_HybridCore__get_members",
    "_HybridCore__get_members_from_instance",
    "_HybridCore__set_library_listeners",
    "_other_name_here",
    "add_library_components",
    "all_arguments",
    "attributes",
    "class_attribute",
    "defaults",
    "doc_and_tags",
    "embedded",
    "function",
    "get_keyword_names",
    "instance_attribute",
    "keyword_in_main",
    "keywords",
    "keywords_spec",
    "kwargs_only",
    "mandatory",
    "method",
    "multi_line_doc",
    "not_keyword_in_main",
    "one_line_doc",
    "tags",
    "varargs_and_kwargs"
]
